2026-06-15T11:32:08.228Z - ERROR: Phòng chiếu đã có lịch trong khung giờ này.
Stack: Error: Phòng chiếu đã có lịch trong khung giờ này.
    at AdminModel.createShowtime (D:\SWP391\swp391-rbl-project-team_4\models\adminModel.js:203:13)
    at process.processTicksAndRejections (node:internal/process/task_queues:104:5)
    at async exports.createShowtime (D:\SWP391\swp391-rbl-project-team_4\controllers\adminController.js:133:22)
Body: {"movieId":9,"roomId":30,"startTime":"2026-06-15T15:10:00.000Z","endTime":"2026-06-15T16:51:00.000Z","price":85000}

2026-06-15T11:32:12.520Z - ERROR: Phòng chiếu đã có lịch trong khung giờ này.
Stack: Error: Phòng chiếu đã có lịch trong khung giờ này.
    at AdminModel.createShowtime (D:\SWP391\swp391-rbl-project-team_4\models\adminModel.js:203:13)
    at process.processTicksAndRejections (node:internal/process/task_queues:104:5)
    at async exports.createShowtime (D:\SWP391\swp391-rbl-project-team_4\controllers\adminController.js:133:22)
Body: {"movieId":9,"roomId":30,"startTime":"2026-06-15T15:10:00.000Z","endTime":"2026-06-15T16:51:00.000Z","price":85000}

2026-06-15T11:34:31.314Z - ERROR: Phòng chiếu đã có lịch trong khung giờ này.
Stack: Error: Phòng chiếu đã có lịch trong khung giờ này.
    at AdminModel.createShowtime (D:\SWP391\swp391-rbl-project-team_4\models\adminModel.js:203:13)
    at process.processTicksAndRejections (node:internal/process/task_queues:104:5)
    at async exports.createShowtime (D:\SWP391\swp391-rbl-project-team_4\controllers\adminController.js:133:22)
Body: {"movieId":7,"roomId":30,"startTime":"2026-06-15T15:11:00.000Z","endTime":"2026-06-15T16:50:00.000Z","price":85000}

2026-06-15T11:53:25.797Z - ERROR: Phòng chiếu đã có lịch trong khung giờ này.
Stack: Error: Phòng chiếu đã có lịch trong khung giờ này.
    at AdminModel.createShowtime (D:\SWP391\swp391-rbl-project-team_4\models\adminModel.js:203:13)
    at process.processTicksAndRejections (node:internal/process/task_queues:104:5)
    at async exports.createShowtime (D:\SWP391\swp391-rbl-project-team_4\controllers\adminController.js:133:22)
Body: {"movieId":11,"roomId":91,"startTime":"2026-06-15T15:10:00.000Z","endTime":"2026-06-15T16:44:00.000Z","price":85000}

